00000
00000
00000
00000
00000
00000
00000
00000
00000
00000
00000
00000
00000
00000
00000
00000
00000
00000
00000
00000
00000
00000
00000
00000
00000
00000
00000
00000
00000
00000
00000
00000
00000
00000
00000
00000
00000
00000
00000
00000
00000
00000
00000
00000
00000
00000
00000
00000
00000
00000
00000
00000
00000
00000
00000
00000
00000
00000
00000
00000
00000
00000
00000
00000
00000
00000
00000
00000
00000
00000
00000
00000
00000
00000
00000
00000
00000
00000
00000
00000
00000
00000
00000
00000
00000
00000
00000
00000
00000
00000
00000
00000
00000
00000
00000
00000
00000
00000
00000
00000
00000
00000
00000
00000
00000
00000
00000
00000
00000
00000
00000
00002
00002
00002
00002
00002
00001
00001
00001
00001
00001
00000
00000
00000
00000
00000
00000
1ffff
1ffff
1ffff
1ffff
1fffe
1fffe
1fffe
1fffe
1fffe
1fffe
1fffe
1fffe
1fffe
1fffe
1ffff
1ffff
1ffff
1ffff
1ffff
00000
00000
00000
00000
00000
00000
00001
00001
00001
00001
00002
00002
00002
00002
00002
00002
00002
00002
00002
00002
00001
00001
00001
00001
00001
00000
00000
00000
00000
00000
00000
1ffff
1ffff
1ffff
1ffff
1fffe
1fffe
1fffe
1fffe
1fffe
1fffe
1fffe
1fffe
1fffe
1fffe
1ffff
1ffff
1ffff
1ffff
1ffff
00000
00000
00000
00000
00000
00000
00001
00001
00001
00001
00002
00002
00002
00003
00000
0001b
00019
00018
00017
00015
00014
00011
0000f
0000c
00009
00006
00003
00000
1fffd
1fffa
1fff7
1fff4
1fff1
1ffef
1ffec
1ffeb
1ffe9
1ffe8
1ffe7
1ffe6
1ffe6
1ffe7
1ffe8
1ffe9
1ffeb
1ffec
1ffef
1fff1
1fff4
1fff7
1fffa
1fffd
00000
00003
00006
00009
0000c
0000f
00011
00014
00015
00017
00018
00019
0001a
0001a
00019
00018
00017
00015
00014
00011
0000f
0000c
00009
00006
00003
00000
1fffd
1fffa
1fff7
1fff4
1fff1
1ffef
1ffec
1ffeb
1ffe9
1ffe8
1ffe7
1ffe6
1ffe6
1ffe7
1ffe8
1ffe9
1ffeb
1ffec
1ffef
1fff1
1fff4
1fff7
1fffa
1fffd
00000
00003
00006
00009
0000c
0000f
00011
00014
00015
00018
00017
0001e
00007
00117
000fc
000fa
000ec
000dd
000c9
000b3
00099
0007e
00060
00041
00020
00000
1ffe0
1ffbf
1ffa0
1ff82
1ff67
1ff4d
1ff37
1ff23
1ff14
1ff07
1feff
1fefb
1fefb
1feff
1ff07
1ff14
1ff23
1ff37
1ff4d
1ff67
1ff82
1ffa0
1ffbf
1ffe0
00000
00020
00041
00060
0007e
00099
000b3
000c9
000dd
000ec
000f9
00101
00105
00105
00101
000f9
000ec
000dd
000c9
000b3
00099
0007e
00060
00041
00020
00000
1ffe0
1ffbf
1ffa0
1ff82
1ff67
1ff4d
1ff37
1ff23
1ff14
1ff07
1feff
1fefb
1fefb
1feff
1ff07
1ff14
1ff23
1ff37
1ff4d
1ff67
1ff82
1ffa0
1ffbf
1ffe0
00000
00020
00041
00060
0007e
00099
000b3
000c9
000dd
000f2
000ea
0012f
0004b
00af0
009df
009ca
0093c
008a3
007e2
00701
00603
004ee
003c4
0028b
00148
00000
1feb8
1fd75
1fc3c
1fb12
1f9fd
1f8ff
1f81e
1f75d
1f6be
1f645
1f5f3
1f5ca
1f5ca
1f5f3
1f645
1f6be
1f75d
1f81e
1f8ff
1f9fd
1fb12
1fc3c
1fd75
1feb8
00000
00148
0028b
003c4
004ee
00603
00701
007e2
008a3
00942
009bb
00a0d
00a36
00a36
00a0d
009bb
00942
008a3
007e2
00701
00603
004ee
003c4
0028b
00148
00000
1feb8
1fd75
1fc3c
1fb12
1f9fd
1f8ff
1f81e
1f75d
1f6be
1f645
1f5f3
1f5ca
1f5ca
1f5f3
1f645
1f6be
1f75d
1f81e
1f8ff
1f9fd
1fb12
1fc3c
1fd75
1feb8
00000
00148
0028b
003c4
004ee
00603
00701
007e2
008a3
0093b
009cc
009da
00b05
1ff33
00033
1fff0
00006
00000
00000
00000
00000
00000
00000
00000
00000
00000
00000
00000
00000
00000
00000
00000
00000
00000
00000
00000
00000
00000
00000
00000
00000
00000
00000
00000
00000
00000
00000
00000
00000
00000
00000
00000
00000
00000
00000
00000
00000
00000
00000
00000
00000
00000
00000
00000
00000
00000
00000
00000
00000
00000
00000
00000
00000
00000
00000
00000
00000
00000
00000
00000
00000
00000
00000
00000
00000
00000
00000
00000
00000
00000
00000
00000
00000
00000
00000
00000
00000
00000
00000
00000
00000
00000
00000
00000
00000
00000
00000
00000
00000
00000
00000
00000
00000
0000d
00007
00000
1fff9
1fff4
1fff4
1fff9
00000
00007
0000c
0000c
00007
00000
1fff9
1fff4
1fff4
1fff9
00000
00007
0000c
0000c
00007
00000
1fff9
1fff4
1fff4
1fff9
00000
00007
0000c
0000c
00007
00000
1fff9
1fff4
1fff4
1fff9
00000
00007
0000c
0000c
00007
00000
1fff9
1fff4
1fff4
1fff9
00000
00007
0000c
0000c
00007
00000
1fff9
1fff4
1fff4
1fff9
00000
00007
0000c
0000c
00007
00000
1fff9
1fff4
1fff4
1fff9
00000
00007
0000c
0000c
00007
00000
1fff9
1fff4
1fff4
1fff9
00000
00007
0000c
0000c
00007
00000
1fff9
1fff4
1fff4
1fff9
00000
00007
0000c
0000c
00007
00000
1fff9
1fff4
1fff4
1fff9
00000
00009
00003
00085
0004a
00000
1ffb3
1ff84
1ff84
1ffb4
00000
0004c
0007c
0007c
0004c
00000
1ffb4
1ff84
1ff84
1ffb4
00000
0004c
0007c
0007c
0004c
00000
1ffb4
1ff84
1ff84
1ffb4
00000
0004c
0007c
0007c
0004c
00000
1ffb4
1ff84
1ff84
1ffb4
00000
0004c
0007c
0007c
0004c
00000
1ffb4
1ff84
1ff84
1ffb4
00000
0004c
0007c
0007c
0004c
00000
1ffb4
1ff84
1ff84
1ffb4
00000
0004c
0007c
0007c
0004c
00000
1ffb4
1ff84
1ff84
1ffb4
00000
0004c
0007c
0007c
0004c
00000
1ffb4
1ff84
1ff84
1ffb4
00000
0004c
0007c
0007c
0004c
00000
1ffb4
1ff84
1ff84
1ffb4
00000
0004c
0007c
0007c
0004c
00000
1ffb4
1ff84
1ff84
1ffb6
1fff8
00063
0001f
00539
002eb
00008
1fcfc
1fb23
1fb23
1fcff
00000
00301
004dd
004dd
00301
00000
1fcff
1fb23
1fb23
1fcff
00000
00301
004dd
004dd
00301
00000
1fcff
1fb23
1fb23
1fcff
00000
00301
004dd
004dd
00301
00000
1fcff
1fb23
1fb23
1fcff
00000
00301
004dd
004dd
00301
00000
1fcff
1fb23
1fb23
1fcff
00000
00301
004dd
004dd
00301
00000
1fcff
1fb23
1fb23
1fcff
00000
00301
004dd
004dd
00301
00000
1fcff
1fb23
1fb23
1fcff
00000
00301
004dd
004dd
00301
00000
1fcff
1fb23
1fb23
1fcff
00000
00301
004dd
004dd
00301
00000
1fcff
1fb23
1fb23
1fcff
00000
00301
004dd
004dd
00301
00000
1fcff
1fb23
1fb23
1fd1b
1ffb0
003e2
0013f
0343f
01d2d
00050
1e1d6
1cf5e
1cf5e
1e1f2
00000
01e0e
030a2
030a2
01e0e
00000
1e1f2
1cf5e
1cf5e
1e1f2
00000
01e0e
030a2
030a2
01e0e
00000
1e1f2
1cf5e
1cf5e
1e1f2
00000
01e0e
030a2
030a2
01e0e
00000
1e1f2
1cf5e
1cf5e
1e1f2
00000
01e0e
030a2
030a2
01e0e
00000
1e1f2
1cf5e
1cf5e
1e1f2
00000
01e0e
030a2
030a2
01e0e
00000
1e1f2
1cf5e
1cf5e
1e1f2
00000
01e0e
030a2
030a2
01e0e
00000
1e1f2
1cf5e
1cf5e
1e1f2
00000
01e0e
030a2
030a2
01e0e
00000
1e1f2
1cf5e
1cf5e
1e1f2
00000
01e0e
030a2
030a2
01e0e
00000
1e1f2
1cf5e
1cf5e
1e1f2
00000
01e0e
030a2
030a2
01e0e
00000
1e1f2
1cf5e
1cf5e
1e1d3
00059
01d14
034a6
1fbfe
000f9
1ffa5
0001e
00001
00001
00000
1ffff
00000
00001
00001
00000
1ffff
00000
00001
00001
00000
1ffff
00000
00001
00001
00000
1ffff
00000
00001
00001
00000
1ffff
00000
00001
00001
00000
1ffff
00000
00001
00001
00000
1ffff
00000
00001
00001
00000
1ffff
00000
00001
00001
00000
1ffff
00000
00001
00001
00000
1ffff
00000
00001
00001
00000
1ffff
00000
00001
00001
00000
1ffff
00000
00001
00001
00000
1ffff
00000
00001
00001
00000
1ffff
00000
00001
00001
00000
1ffff
00000
00001
00001
00000
1ffff
00000
00001
00001
00000
1ffff
00000
00001
00001
00000
1ffff
00000
00001
00001
00000
1ffff
00000
00000
00016
1fff8
1ffe6
1fff9
00015
00015
1fff9
1ffe6
1fff9
00015
00015
1fff9
1ffe6
1fff9
00015
00015
1fff9
1ffe6
1fff9
00015
00015
1fff9
1ffe6
1fff9
00015
00015
1fff9
1ffe6
1fff9
00015
00015
1fff9
1ffe6
1fff9
00015
00015
1fff9
1ffe6
1fff9
00015
00015
1fff9
1ffe6
1fff9
00015
00015
1fff9
1ffe6
1fff9
00015
00015
1fff9
1ffe6
1fff9
00015
00015
1fff9
1ffe6
1fff9
00015
00015
1fff9
1ffe6
1fff9
00015
00015
1fff9
1ffe6
1fff9
00015
00015
1fff9
1ffe6
1fff9
00015
00015
1fff9
1ffe6
1fff9
00015
00015
1fff9
1ffe6
1fff9
00015
00015
1fff9
1ffe6
1fff9
00015
00015
1fff9
1ffe6
1fff9
00015
00015
1fff9
1ffe4
1fffd
00003
000e5
1ffab
1fefc
1ffaf
000d4
000d4
1ffaf
1fefa
1ffaf
000d4
000d4
1ffaf
1fefa
1ffaf
000d4
000d4
1ffaf
1fefa
1ffaf
000d4
000d4
1ffaf
1fefa
1ffaf
000d4
000d4
1ffaf
1fefa
1ffaf
000d4
000d4
1ffaf
1fefa
1ffaf
000d4
000d4
1ffaf
1fefa
1ffaf
000d4
000d4
1ffaf
1fefa
1ffaf
000d4
000d4
1ffaf
1fefa
1ffaf
000d4
000d4
1ffaf
1fefa
1ffaf
000d4
000d4
1ffaf
1fefa
1ffaf
000d4
000d4
1ffaf
1fefa
1ffaf
000d4
000d4
1ffaf
1fefa
1ffaf
000d4
000d4
1ffaf
1fefa
1ffaf
000d4
000d4
1ffaf
1fefa
1ffaf
000d4
000d4
1ffaf
1fefa
1ffaf
000d4
000d4
1ffaf
1fefa
1ffaf
000d4
000d4
1ffaf
1fefa
1ffaf
000d4
000d4
1ffb4
1fee9
1ffde
00025
008fa
1fca7
1f5d1
1fcd1
0084b
0084b
1fcd5
1f5c0
1fcd5
0084b
0084b
1fcd5
1f5c0
1fcd5
0084b
0084b
1fcd5
1f5c0
1fcd5
0084b
0084b
1fcd5
1f5c0
1fcd5
0084b
0084b
1fcd5
1f5c0
1fcd5
0084b
0084b
1fcd5
1f5c0
1fcd5
0084b
0084b
1fcd5
1f5c0
1fcd5
0084b
0084b
1fcd5
1f5c0
1fcd5
0084b
0084b
1fcd5
1f5c0
1fcd5
0084b
0084b
1fcd5
1f5c0
1fcd5
0084b
0084b
1fcd5
1f5c0
1fcd5
0084b
0084b
1fcd5
1f5c0
1fcd5
0084b
0084b
1fcd5
1f5c0
1fcd5
0084b
0084b
1fcd5
1f5c0
1fcd5
0084b
0084b
1fcd5
1f5c0
1fcd5
0084b
0084b
1fcd5
1f5c0
1fcd5
0084b
0084b
1fcd5
1f5c0
1fcd5
0084b
0084b
1fcd5
1f5c0
1fcd5
0084b
0084b
1fd02
1f510
1fea8
00173
059ca
1de7f
19a28
1e025
052f2
052f2
1e052
19979
1e052
052f2
052f2
1e052
19979
1e052
052f2
052f2
1e052
19979
1e052
052f2
052f2
1e052
19979
1e052
052f2
052f2
1e052
19979
1e052
052f2
052f2
1e052
19979
1e052
052f2
052f2
1e052
19979
1e052
052f2
052f2
1e052
19979
1e052
052f2
052f2
1e052
19979
1e052
052f2
052f2
1e052
19979
1e052
052f2
052f2
1e052
19979
1e052
052f2
052f2
1e052
19979
1e052
052f2
052f2
1e052
19979
1e052
052f2
052f2
1e052
19979
1e052
052f2
052f2
1e052
19979
1e052
052f2
052f2
1e052
19979
1e052
052f2
052f2
1e052
19979
1e052
052f2
052f2
1e052
19979
1e052
052f2
052f2
1e020
19a3c
1de4b
05a8d
1f867
00204
1ff3d
00033
1ffff
1ffff
00001
00000
1ffff
00001
00001
1ffff
00000
00001
1ffff
1ffff
00001
00000
1ffff
00001
00001
1ffff
00000
00001
1ffff
1ffff
00001
00000
1ffff
00001
00001
1ffff
00000
00001
1ffff
1ffff
00001
00000
1ffff
00001
00001
1ffff
00000
00001
1ffff
1ffff
00001
00000
1ffff
00001
00001
1ffff
00000
00001
1ffff
1ffff
00001
00000
1ffff
00001
00001
1ffff
00000
00001
1ffff
1ffff
00001
00000
1ffff
00001
00001
1ffff
00000
00001
1ffff
1ffff
00001
00000
1ffff
00001
00001
1ffff
00000
00001
1ffff
1ffff
00001
00000
1ffff
00001
00001
1ffff
00000
00001
1ffff
1ffff
00001
00000
1ffff
1ffff
00019
1ffda
00000
00025
1ffea
1ffe9
00025
00000
1ffdb
00016
00017
1ffdb
00000
00025
1ffea
1ffe9
00025
00000
1ffdb
00016
00017
1ffdb
00000
00025
1ffea
1ffe9
00025
00000
1ffdb
00016
00017
1ffdb
00000
00025
1ffea
1ffe9
00025
00000
1ffdb
00016
00017
1ffdb
00000
00025
1ffea
1ffe9
00025
00000
1ffdb
00016
00017
1ffdb
00000
00025
1ffea
1ffe9
00025
00000
1ffdb
00016
00017
1ffdb
00000
00025
1ffea
1ffe9
00025
00000
1ffdb
00016
00017
1ffdb
00000
00025
1ffea
1ffe9
00025
00000
1ffdb
00016
00017
1ffdb
00000
00025
1ffea
1ffe9
00025
00000
1ffdb
00016
00017
1ffdb
00000
00025
1ffea
1ffe9
00025
1fffe
1ffe2
1ffff
000fe
1fe84
00002
00174
1ff1a
1ff1a
00175
00000
1fe8b
000e6
000e6
1fe8b
00000
00175
1ff1a
1ff1a
00175
00000
1fe8b
000e6
000e6
1fe8b
00000
00175
1ff1a
1ff1a
00175
00000
1fe8b
000e6
000e6
1fe8b
00000
00175
1ff1a
1ff1a
00175
00000
1fe8b
000e6
000e6
1fe8b
00000
00175
1ff1a
1ff1a
00175
00000
1fe8b
000e6
000e6
1fe8b
00000
00175
1ff1a
1ff1a
00175
00000
1fe8b
000e6
000e6
1fe8b
00000
00175
1ff1a
1ff1a
00175
00000
1fe8b
000e6
000e6
1fe8b
00000
00175
1ff1a
1ff1a
00175
00000
1fe8b
000e6
000e6
1fe8b
00000
00175
1ff1a
1ff1a
00175
00000
1fe8b
000e6
000e6
1fe8b
00000
00175
1ff1a
1ff1a
00179
1ffe9
1fed3
1fff4
009f6
1f123
00017
00e91
1f6fd
1f6fd
00e95
00000
1f16b
00903
00903
1f16b
00000
00e95
1f6fd
1f6fd
00e95
00000
1f16b
00903
00903
1f16b
00000
00e95
1f6fd
1f6fd
00e95
00000
1f16b
00903
00903
1f16b
00000
00e95
1f6fd
1f6fd
00e95
00000
1f16b
00903
00903
1f16b
00000
00e95
1f6fd
1f6fd
00e95
00000
1f16b
00903
00903
1f16b
00000
00e95
1f6fd
1f6fd
00e95
00000
1f16b
00903
00903
1f16b
00000
00e95
1f6fd
1f6fd
00e95
00000
1f16b
00903
00903
1f16b
00000
00e95
1f6fd
1f6fd
00e95
00000
1f16b
00903
00903
1f16b
00000
00e95
1f6fd
1f6fd
00e95
00000
1f16b
00903
00903
1f16b
00000
00e95
1f6fd
1f6fd
00ec2
1ff1a
1f439
1ff87
0639f
16b5b
000e6
091ab
1a5de
1a5de
091d7
00000
16e29
05a22
05a22
16e29
00000
091d7
1a5de
1a5de
091d7
00000
16e29
05a22
05a22
16e29
00000
091d7
1a5de
1a5de
091d7
00000
16e29
05a22
05a22
16e29
00000
091d7
1a5de
1a5de
091d7
00000
16e29
05a22
05a22
16e29
00000
091d7
1a5de
1a5de
091d7
00000
16e29
05a22
05a22
16e29
00000
091d7
1a5de
1a5de
091d7
00000
16e29
05a22
05a22
16e29
00000
091d7
1a5de
1a5de
091d7
00000
16e29
05a22
05a22
16e29
00000
091d7
1a5de
1a5de
091d7
00000
16e29
05a22
05a22
16e29
00000
091d7
1a5de
1a5de
091d7
00000
16e29
05a22
05a22
16e29
00000
091d7
1a5de
1a5de
091a5
00100
16b0b
064ad
1f576
0031b
1ff03
0002f
00002
00000
00000
00001
1fffe
00002
1fffe
00001
00000
1ffff
00002
1fffe
00002
1ffff
00000
00000
1fffe
00002
1fffe
00002
00000
00000
00002
1fffe
00002
1fffe
00000
00000
1ffff
00002
1fffe
00002
1ffff
00000
00001
1fffe
00002
1fffe
00001
00000
00000
00002
1fffe
00002
1fffe
00000
00000
1fffe
00002
1fffe
00002
00000
00000
00001
1fffe
00002
1fffe
00001
00000
1ffff
00002
1fffe
00002
1ffff
00000
00000
1fffe
00002
1fffe
00002
00000
00000
00002
1fffe
00002
1fffe
00000
00000
1ffff
00002
1fffe
00002
1ffff
00000
00001
1fffe
00002
1fffe
00001
00000
00000
00002
1fffe
00002
1ffff
1ffff
0000f
1ffda
00033
1ffcb
0002a
1ffec
1fffa
0001f
1ffcf
00036
1ffd2
0001a
00000
1ffe6
0002e
1ffca
00031
1ffe1
00006
00014
1ffd6
00035
1ffcd
00025
1fff3
1fff3
00025
1ffcd
00035
1ffd6
00014
00006
1ffe1
00031
1ffca
0002e
1ffe6
00000
0001a
1ffd2
00036
1ffcf
0001f
1fffa
1ffec
0002a
1ffcb
00033
1ffdb
0000d
0000d
1ffdb
00033
1ffcb
0002a
1ffec
1fffa
0001f
1ffcf
00036
1ffd2
0001a
00000
1ffe6
0002e
1ffca
00031
1ffe1
00006
00014
1ffd6
00035
1ffcd
00025
1fff3
1fff3
00025
1ffcd
00035
1ffd6
00014
00006
1ffe1
00031
1ffca
0002e
1ffe6
00000
0001a
1ffd2
00036
1ffcf
0001f
1fffa
1ffec
0002a
1ffcb
00032
1ffe0
1fffb
0009b
1fe84
0020a
1fde6
001a6
1ff37
1ffbc
00142
1fe11
00222
1fe32
00108
00000
1fef8
001ce
1fdde
001ef
1febe
00044
000c9
1fe5a
0021a
1fdf8
00177
1ff78
1ff78
00177
1fdf8
0021a
1fe5a
000c9
00044
1febe
001ef
1fdde
001ce
1fef8
00000
00108
1fe32
00222
1fe11
00142
1ffbc
1ff37
001a6
1fde6
00208
1fe89
00088
00088
1fe89
00208
1fde6
001a6
1ff37
1ffbc
00142
1fe11
00222
1fe32
00108
00000
1fef8
001ce
1fdde
001ef
1febe
00044
000c9
1fe5a
0021a
1fdf8
00177
1ff78
1ff78
00177
1fdf8
0021a
1fe5a
000c9
00044
1febe
001ef
1fdde
001ce
1fef8
00000
00108
1fe32
00222
1fe11
00142
1ffbc
1ff37
001a6
1fde9
001fa
1fec0
1ffc8
00613
1f124
01469
1eaf8
0107d
1f820
1fd51
00c94
1eca2
0155c
1edee
00a4f
00000
1f5b1
01212
1eaa4
0135e
1f36c
002af
007e0
1ef83
01506
1eba5
00ea6
1faae
1faae
00ea6
1eba5
01506
1ef83
007e0
002af
1f36c
0135e
1eaa4
01212
1f5b1
00000
00a4f
1edee
0155c
1eca2
00c94
1fd51
1f820
0107d
1eafa
0145b
1f15a
00552
00552
1f15a
0145b
1eafa
0107d
1f820
1fd51
00c94
1eca2
0155c
1edee
00a4f
00000
1f5b1
01212
1eaa4
0135e
1f36c
002af
007e0
1ef83
01506
1eba5
00ea6
1faae
1faae
00ea6
1eba5
01506
1ef83
007e0
002af
1f36c
0135e
1eaa4
01212
1f5b1
00000
00a4f
1edee
0155c
1eca2
00c94
1fd51
1f820
0107d
1eb11
013cc
1f377
1fdca
03cc3
16b5f
0cc1d
12dac
0a4ea
1b136
1e52d
07dcd
13e57
0d59c
14b4a
0671c
00000
198e4
0b4b6
12a64
0c1a9
18233
01ad3
04eca
15b16
0d23e
13472
09283
1cac6
1cac6
09284
13472
0d23e
15b16
04eca
01ad3
18233
0c1a9
12a64
0b4b6
198e4
00000
0671c
14b4a
0d59c
13e57
07dcd
1e52d
1b136
0a4ea
12dc2
0cb8e
16d7d
0353a
0353a
16d7c
0cb8e
12dc2
0a4ea
1b136
1e52d
07dcd
13e57
0d59c
14b4a
0671c
00000
198e4
0b4b6
12a64
0c1a9
18233
01ad3
04eca
15b16
0d23e
13472
09283
1cac6
1cac6
09284
13472
0d23e
15b16
04eca
01ad3
18233
0c1a9
12a64
0b4b6
198e4
00000
0671c
14b4a
0d59c
13e57
07dcd
1e52d
